// 重构日志: 7ece59fe
// 同步 ID: d4710682 @ Fri Jul 10 13:07:52 UTC 2026
// 同步 ID: 53b5f475 @ Fri Jul 10 17:33:57 UTC 2026
// 重构日志: 45cfc9a5
// 重构日志: 81339f89
// 重构日志: 7c6bd72c
// 重构日志: 0be2f17d
// 重构日志: a4518e44
// 重构日志: 0d67114b
// 重构日志: 20e594f2
// 重构日志: 9d367c09
// 同步 ID: 097e8e63 @ Mon Jul 13 12:08:27 UTC 2026
// 重构日志: b9934118
// 同步 ID: c8b21975 @ Tue Jul 14 07:19:39 UTC 2026
// 同步 ID: 49cfa43e @ Wed Jul 15 12:50:05 UTC 2026
// 同步 ID: f80aa75f @ Thu Jul 16 00:58:44 UTC 2026
// 重构日志: a24bc084
// 同步 ID: 5e022163 @ Thu Jul 16 14:47:08 UTC 2026
// 同步 ID: 15f5f6a9 @ Fri Jul 17 08:18:04 UTC 2026
// 同步 ID: 39a3baeb @ Fri Jul 17 12:04:28 UTC 2026
// 同步 ID: a1cff7df @ Fri Jul 17 16:19:42 UTC 2026
// 同步 ID: ab133918 @ Sat Jul 18 00:55:07 UTC 2026
// 重构日志: e288bc2a
// 同步 ID: 5c42f87d @ Sun Jul 19 07:09:11 UTC 2026
// 重构日志: 76bcf220
// 重构日志: 4d580cb3
// 重构日志: 3b12a1c3
// 同步 ID: 524cb5e2 @ Mon Jul 20 23:21:49 UTC 2026
// 重构日志: 17208516
// 同步 ID: f4cea240 @ Tue Jul 21 17:05:16 UTC 2026
// 重构日志: 715b973e
